GAMS 39.2.0  e0c5072f Jun 2, 2022           WEX-WEI x86 64bit/MS Windows - 09/08/22 13:52:00 Page 1
G e n e r a l   A l g e b r a i c   M o d e l i n g   S y s t e m
C o m p i l a t i o n


   1  Sets
   2         n plant i
   3         / NAmerica, SAmerica /
   4   
   5         a   supplier
   6         / supplierA, supplierB /
   7         b   wholesaler
   8         / wholesalerA, wholesalerB /
   9         e   customer
  10         / retailerA, retailerB /
  11         eb(e) retailer who takes service from b wholesaler
  12         / retailerA wholesalerA wholesalerB, retailerB wholesalerB /
  13         f   factory vehicle
  14         / factoryVehicleA, factoryVehicleB /
  15         g   wholesaler vehicle
  16         / wholesalerVehicleA, wholesalerVehicleB /
  17         Gb(b) vehicle in wholesaller b
  18         / wholesalerA vahicleK, wholesalerB vehicleL /
  19         i   available vehicles in collection centers that carry wooden waste from [retailer -> collection-center]
  20         / vehicleA, vehicleB /
  21         ix   available vehicles in collection centers servicing producer [collection-center -> producer|factory]
  22         / vehicleC , vehicleD /
  23         ixx   available vehicles in collection centers servicing producer (ixx belongs to ix)??
  24         / vehicleC, vehicleD /
  25         j   collection center
  26         / collection-centerA, collection-centerB /
  27         ij(i,j)  vehicle in collection center j carry waste from [customer -> collection-center]
  28  *      one to many relationship pageno:40 (GAMS-user-guide)
  29         / (vehicleA,vehicleB).(collection-centerA,collection-centerB) /
  30         hj(j) retailer who takes service from j collection center
  31         / collection-centerA retailerA, collection-centerB retailerB /
  32         m   raw material
  33         / raw-materialA, raw-materialB /
  34         p   product
  35         / productA, productB /
  36         t   time period of planning
  37         / day1, day2 /
  38         v   vehicle supplier
  39         / vehicle-supplierA, vehicle-supplierB /
  40         Va(a) vahicle in supplier
  41  *      let: supplierA has vehicleI, supplierB has vehicleJ
  42         / supplierA vehicleI vehicle2 vehicle3, supplierB vehicleJ /
  43         Bapm(p,m) p product transform to m materia
  44         / (productA,productB).(raw-materialA,raw-materialB) /
  45         ixj(i,j) vehicle in collection center j carry waste from [collection-center -> factory]
  46         / (vehicleA,vehicleB).(collection-centerA,collection-centerB) / ;
  47  ;
  48   
  49  Parameter
  50         Dj(m) demand from market j
  51         / raw-materialA 12, raw-materialB 8 /
  52         Ki(n) capacity of plant i
  53         / NAmerica 10, SAmerica 10 /
  54         fi(n) fixed cost of plant i
  55         / NAmerica 6000, SAmerica 4500 /
  56   
  57      Ta(a) time hour to go-and-come [supplier a -> factory]
  58      / supplierA 104, supplierB 112 /
  59   
  60      Tx(b) time to go-and-come [factory -> wholesaler b]
  61      / wholesalerA 2358, wholesalerB 3239 /
  62   
  63      Txx(b,e) time to go-and-come [holesaler b -> retailer e]
  64      / wholesalerA.retailerA 326
  65        wholesalerA.retailerB 27
  66        wholesalerB.retailerA 54
  67        wholesalerB.retailerB 56 /
  68   
  69      ct(p) production cost per unit p in the factory
  70      / productA 805, productB 9023 /
  71   
  72      cs(b,f) fixd cost of sending vehicle [factory -> wholesaler b]
  73  *   it should be g instead of f
  74      / wholesalerA.factoryVehicleA 62
  75        wholesalerA.factoryVehicleB 75
  76        wholesalerB.factoryVehicleA 5
  77        wholesalerB.factoryVehicleB 6 /
  78   
  79      cf(b,p) transportation cost per unit p [factory -> wholesaler b]
  80  *   it should be g instead of f
  81      / wholesalerA.productA 223
  82        wholesalerA.productB 123
  83        wholesalerB.productA 33
  84        wholesalerB.productB 42 /
  85   
  86      cp  capacity of factory for raw material
  87      / 350534 /
  88   
  89      cpx  capacity of factory for product
  90      / 250324 /
  91   
  92      cpxx(b)  capacity of retailer b
  93  *    maybe it will be e index
  94      / wholesalerA 25023
  95        wholesalerB 23235 /
  96   
  97      Alpha(m,p) consumption coefficient of material m in product p
  98      / raw-materialA.productA 21
  99        raw-materialA.productB 12
 100        raw-materialB.productA 233
 101        raw-materialB.productB 232 /
 102   
 103      Im(m)  volume of each material m
 104      /   raw-materialA    325
 105          raw-materialB    300  /
 106   
 107      Ip(p)  volume of each product m
 108      /   productA    325
 109          productB    300  /
 110   
 111      ch(m,t) maintainance cost of material m in factory on day t
 112      / raw-materialA.day1 20
 113        raw-materialA.day2 22
 114        raw-materialB.day1 21
 115        raw-materialB.day2 23 /
 116   
 117      cinv cost of environment destruction by cutting tree
 118      / 100 /
 119   
 120      Ts(e,j) time to go-and-come [customer e -> collection-center j]
 121      / retailerA.collection-centerA 3
 122        retailerA.collection-centerB 2
 123        retailerB.collection-centerA 2
 124        retailerB.collection-centerB 3 /
 125   
 126      Tsx(j) time to go-and-come [collection-center j -> factory]
 127      / collection-centerA 7
 128        collection-centerB 8 /
 129   
 130      LargeM large number
 131      / 10000000 /
 132   
 133      BigM very large number
 134      / 100000000000 /
 135   
 136      Hd work hours in day
 137      / 10 /
 138   
 139      ck(e,p) purchasing cost each product p from retailer e
 140  *   it says waste but denotes p
 141      / retailerA.productA 100
 142        retailerA.productB 120
 143        retailerB.productA 110
 144        retailerB.productB 130 /
 145   
 146      fx(ix,j) fixed const sending vehicle ix from [collection-center j -> factory]
 147      / vehicleC.collection-centerA 30
 148        vehicleC.collection-centerB 20
 149        vehicleD.collection-centerA 20
 150        vehicleD.collection-centerB 30 /
 151   
 152      czx(j,m) transportation cost unit of wooden waste m from [collection-center j -> factory]
 153      / collection-centerA.raw-materialA 7
 154        collection-centerA.raw-materialB 8
 155        collection-centerB.raw-materialA 6
 156        collection-centerB.raw-materialB 7 /
 157   
 158      Sp(i)  capacity of vehicle i
 159      /   vehicleA    80
 160          vehicleB    90  /
 161   
 162      chx(p,t)  maintainance cost unit product p in factory on day t
 163      /   productA.day1    5
 164          productA.day2    3
 165          productB.day1    4
 166          productB.day2    2 /
 167   
 168      Spx(ix)  capacity of vehicle i
 169  *   sir told me that it's not necessary. I can remove this index.
 170  *   so don't use Spx in equations
 171      /   vehicleC    80
 172          vehicleD    90  /
 173   
 174      cab(j) storage capacity of collection-center j
 175      / collection-centerA 120
 176        collection-centerB 110 /
 177   
 178      BRpe(p,e)  volume of each material m
 179      /   productA.retailerA    325
 180          productA.retailerB    300
 181          productB.retailerB    305
 182          productB.retailerA    275 /
 183   
 184      Cinvx benifit of environment enhancement for each tree
 185      / 10 /
 186   
 187      c(m,a) cost of purchasing unit wooden raw material m form [supplier a -> factory]
 188      / raw-materialA.supplierA 15
 189        raw-materialA.supplierB 16
 190        raw-materialB.supplierA 16
 191        raw-materialB.supplierB 17 /
 192   
 193      cx(a,v) fixed cost sending vehicle v form [supplier a -> factory]
 194      / supplierA.vehicle-supplierA 10
 195        supplierA.vehicle-supplierB 12
 196        supplierB.vehicle-supplierA 12
 197        supplierB.vehicle-supplierB 13 /
 198   
 199      cxx(m,a) transportation cost unit wooden raw material m form [supplier a -> factory]
 200      / raw-materialA.supplierA 2
 201        raw-materialA.supplierB 1
 202        raw-materialB.supplierA 1
 203        raw-materialB.supplierB 3 /
 204   
 205      Vol(v)  capacity of vehicle v
 206      /   vehicle-supplierA    70
 207          vehicle-supplierB    80  /
 208   
 209      Volx(f)  capacity of vehicle f
 210      /   factoryVehicleA    75
 211          factoryVehicleB    85  /
 212   
 213      Volxx(g)  capacity of vehicle g
 214      /   wholesalerVehicleA    40
 215          wholesalerVehicleB    20  /
 216  ;
 217   
 218   
 219  table cij(n,m) wholesaler vehicle
 220                      raw-materialA   raw-materialB
 221          NAmerica       81                  92
 222          SAmerica      117                  77
 223  ;
 224   
 225  table cr(b,e,g) fixed cost sending vehicle g from wholesaler b to customer e
 226                         wholesalerVehicleA   wholesalerVehicleB
 227  wholesalerA.retailerA           232                  318
 228  wholesalerA.retailerB           19                  2417
 229  wholesalerB.retailerA           221                  419
 230  wholesalerB.retailerB           202                  518 ;
 231   
 232  table cd(b,e,p) transportation cost per unit p from [wholesaler b -> retailer e]
 233                               productA            productB
 234  wholesalerA.retailerA           2054                  18
 235  wholesalerA.retailerB           129                  175
 236  wholesalerB.retailerA           21                  169
 237  wholesalerB.retailerB           620                  168 ;
 238   
 239  table dem(e,p,t) demand customer e product p on day t
 240                              day1                day2
 241  retailerA.productA           203                  518
 242  retailerB.productA           195                  6817
 243  retailerA.productB           221                  819
 244  retailerB.productB           2067                 1018 ;
 245   
 246  table Pept(e,p,t) penalty of shortage of product p for retailer e on day t
 247                              day1                day2
 248  retailerA.productA           5                   8
 249  retailerB.productA           4                   7
 250  retailerA.productB           3                   9
 251  retailerB.productB           6                   8 ;
 252   
 253  table feij(e,i,j) fxd transportation cost of vehicle i from [customer e -> collection-center j]
 254                       collection-centerA    collection-centerB
 255  retailerA.vehicleA           20                    20
 256  retailerA.vehicleB           20                    20
 257  retailerB.vehicleA           20                    20
 258  retailerB.vehicleB           20                    20 ;
 259   
 260  table cz(e,j,p) transportation cost of each wooden waste m [collection-center j -> factory]
 261  * it should be waste
 262                                  productA  productB
 263  retailerA.collection-centerA        33         43
 264  retailerA.collection-centerB        22         56
 265  retailerB.collection-centerA        52         63
 266  retailerB.collection-centerB        36         57 ;
 267   
 268  table chxx(b,p,t) maintainance cost of each product p for wholesaler b on day t
 269                                day1                day2
 270  wholesalerA.productA           23                  23
 271  wholesalerB.productA           4                   51
 272  wholesalerA.productB           7                   63
 273  wholesalerB.productB           89                  12 ;
 274   
 275  table chxxx(e,p,t) maintainance cost of each product p for retailer e on day t
 276                              day1               day2
 277  retailerA.productA           2                  4
 278  retailerB.productA           3                  3
 279  retailerA.productB           1                  4
 280  retailerB.productB           3                  2 ;
 281   
 282  free variables
 283       z;
 284   
 285  Positive Variables
 286   
 287       xij(n,m) quantity shipped from plant i to market j
 288       w(a,v,t)
 289       w1(b,f,t)
 290       w11(b,e,g,t)
 291       y111(b,e,g,p,t) number of product p transported by vehicle g from wholesaller b to retailer e on day t
 292  *    bo(k,p,t) k not init
 293       bo(e,p,t)
 294  *    ux(m,(t-1)) not working
 295       u1(m,t)
 296       u_pt(p,t)
 297       u11(b,p,t)
 298  *    uxxx(e,p,(t-1)) not working
 299       u111(e,p,t)      storage inventory or customer e from product p on day t
 300       wb(e,i,j,t)
 301       wb1(ix,j,t)
 302       yb(e,i,j,p,t)    amount of p product sent retailer e to collection-center j on day t using vehicle i
 303       yb1(ix,j,m,t)
 304       y(a,v,m,t)   m material sent by v vahicle from a supplier to the factory on t day
 305       y1(p,t)
 306       y11(b,g,p,t)
 307  ;
 308   
 309  binary variables
 310       yi(n) plant i on or off
 311       x(a,v,t)
 312       x1(b,f,t)
 313       x11(b,e,g,t)
 314       xb(e,i,j,t)
 315       xb1(ix,j,t);
 316   
 317   
 318  Equations
 319   
 320   
 321      cost
 322      eqn1(m)
 323       eqn12(p,t)
 324       ;
 325   
 326  eqn1(m).. sum(n,xij(n,m)) =e= Dj(m);
 327  eqn12(p,t).. y1(p,t) + u_pt(p,t-1) =l= sum(b,sum(g,y11(b,g,p,t))) + u_pt(p,t);
 328  cost.. z =e= sum(n,fi(n)*yi(n)) + sum(n,sum(m,cij(n,m)*xij(n,m)));
 329  Model supplychainmodel /all/ ;
 330   
 331  Solve supplychainmodel using MIP minimizing z ;


COMPILATION TIME     =        0.016 SECONDS      3 MB  39.2.0 e0c5072f WEX-WEI
GAMS 39.2.0  e0c5072f Jun 2, 2022           WEX-WEI x86 64bit/MS Windows - 09/08/22 13:52:00 Page 2
G e n e r a l   A l g e b r a i c   M o d e l i n g   S y s t e m
Equation Listing    SOLVE supplychainmodel Using MIP From line 331


---- cost  =E=  

cost..  z - 81*xij(NAmerica,raw-materialA) - 92*xij(NAmerica,raw-materialB) - 117*xij(SAmerica,raw-materialA) - 77*xij(SAmerica,raw-materialB) - 6000*yi(NAmerica) - 4500*yi(SAmerica) =E= 0 ; (LHS = 0)
     

---- eqn1  =E=  

eqn1(raw-materialA)..  xij(NAmerica,raw-materialA) + xij(SAmerica,raw-materialA) =E= 12 ; (LHS = 0, INFES = 12 ****)
     
eqn1(raw-materialB)..  xij(NAmerica,raw-materialB) + xij(SAmerica,raw-materialB) =E= 8 ; (LHS = 0, INFES = 8 ****)
     

---- eqn12  =L=  

eqn12(productA,day1)..  - u_pt(productA,day1) + y1(productA,day1) - y11(wholesalerA,wholesalerVehicleA,productA,day1) - y11(wholesalerA,wholesalerVehicleB,productA,day1) - y11(wholesalerB,wholesalerVehicleA,productA,day1) - y11(wholesalerB,wholesalerVehicleB,productA,day1) =L= 0 ; (LHS = 0)
     
eqn12(productA,day2)..  u_pt(productA,day1) - u_pt(productA,day2) + y1(productA,day2) - y11(wholesalerA,wholesalerVehicleA,productA,day2) - y11(wholesalerA,wholesalerVehicleB,productA,day2) - y11(wholesalerB,wholesalerVehicleA,productA,day2) - y11(wholesalerB,wholesalerVehicleB,productA,day2) =L= 0 ; (LHS = 0)
     
eqn12(productB,day1)..  - u_pt(productB,day1) + y1(productB,day1) - y11(wholesalerA,wholesalerVehicleA,productB,day1) - y11(wholesalerA,wholesalerVehicleB,productB,day1) - y11(wholesalerB,wholesalerVehicleA,productB,day1) - y11(wholesalerB,wholesalerVehicleB,productB,day1) =L= 0 ; (LHS = 0)
     
REMAINING ENTRY SKIPPED

GAMS 39.2.0  e0c5072f Jun 2, 2022           WEX-WEI x86 64bit/MS Windows - 09/08/22 13:52:00 Page 3
G e n e r a l   A l g e b r a i c   M o d e l i n g   S y s t e m
Column Listing      SOLVE supplychainmodel Using MIP From line 331


---- z  

z
                (.LO, .L, .UP, .M = -INF, 0, +INF, 0)
        1       cost


---- xij  quantity shipped from plant i to market j

xij(NAmerica,raw-materialA)
                (.LO, .L, .UP, .M = 0, 0, +INF, 0)
      -81       cost
        1       eqn1(raw-materialA)

xij(NAmerica,raw-materialB)
                (.LO, .L, .UP, .M = 0, 0, +INF, 0)
      -92       cost
        1       eqn1(raw-materialB)

xij(SAmerica,raw-materialA)
                (.LO, .L, .UP, .M = 0, 0, +INF, 0)
     -117       cost
        1       eqn1(raw-materialA)

REMAINING ENTRY SKIPPED

---- u_pt  

u_pt(productA,day1)
                (.LO, .L, .UP, .M = 0, 0, +INF, 0)
       -1       eqn12(productA,day1)
        1       eqn12(productA,day2)

u_pt(productA,day2)
                (.LO, .L, .UP, .M = 0, 0, +INF, 0)
       -1       eqn12(productA,day2)

u_pt(productB,day1)
                (.LO, .L, .UP, .M = 0, 0, +INF, 0)
       -1       eqn12(productB,day1)
        1       eqn12(productB,day2)

REMAINING ENTRY SKIPPED

---- y1  

y1(productA,day1)
                (.LO, .L, .UP, .M = 0, 0, +INF, 0)
        1       eqn12(productA,day1)

y1(productA,day2)
                (.LO, .L, .UP, .M = 0, 0, +INF, 0)
        1       eqn12(productA,day2)

y1(productB,day1)
                (.LO, .L, .UP, .M = 0, 0, +INF, 0)
        1       eqn12(productB,day1)

REMAINING ENTRY SKIPPED

---- y11  

y11(wholesalerA,wholesalerVehicleA,productA,day1)
                (.LO, .L, .UP, .M = 0, 0, +INF, 0)
       -1       eqn12(productA,day1)

y11(wholesalerA,wholesalerVehicleA,productA,day2)
                (.LO, .L, .UP, .M = 0, 0, +INF, 0)
       -1       eqn12(productA,day2)

y11(wholesalerA,wholesalerVehicleA,productB,day1)
                (.LO, .L, .UP, .M = 0, 0, +INF, 0)
       -1       eqn12(productB,day1)

REMAINING 13 ENTRIES SKIPPED

---- yi  plant i on or off

yi(NAmerica)
                (.LO, .L, .UP, .M = 0, 0, 1, 0)
    -6000       cost

yi(SAmerica)
                (.LO, .L, .UP, .M = 0, 0, 1, 0)
    -4500       cost

GAMS 39.2.0  e0c5072f Jun 2, 2022           WEX-WEI x86 64bit/MS Windows - 09/08/22 13:52:00 Page 4
G e n e r a l   A l g e b r a i c   M o d e l i n g   S y s t e m
Range Statistics    SOLVE supplychainmodel Using MIP From line 331


RANGE STATISTICS (ABSOLUTE NON-ZERO FINITE VALUES)

RHS       [min, max] : [ 8.000E+00, 1.200E+01] - Zero values observed as well
Bound     [min, max] : [ 1.000E+00, 1.000E+00] - Zero values observed as well
Matrix    [min, max] : [ 1.000E+00, 6.000E+03]

GAMS 39.2.0  e0c5072f Jun 2, 2022           WEX-WEI x86 64bit/MS Windows - 09/08/22 13:52:00 Page 5
G e n e r a l   A l g e b r a i c   M o d e l i n g   S y s t e m
Model Statistics    SOLVE supplychainmodel Using MIP From line 331


MODEL STATISTICS

BLOCKS OF EQUATIONS           3     SINGLE EQUATIONS            7
BLOCKS OF VARIABLES           6     SINGLE VARIABLES           31
NON ZERO ELEMENTS            37     DISCRETE VARIABLES          2


GENERATION TIME      =        0.000 SECONDS      4 MB  39.2.0 e0c5072f WEX-WEI
GAMS 39.2.0  e0c5072f Jun 2, 2022           WEX-WEI x86 64bit/MS Windows - 09/08/22 13:52:00 Page 6
G e n e r a l   A l g e b r a i c   M o d e l i n g   S y s t e m
Solution Report     SOLVE supplychainmodel Using MIP From line 331


               S O L V E      S U M M A R Y

     MODEL   supplychainmodel    OBJECTIVE  z
     TYPE    MIP                 DIRECTION  MINIMIZE
     SOLVER  CPLEX               FROM LINE  331

**** SOLVER STATUS     1 Normal Completion
**** MODEL STATUS      1 Optimal
**** OBJECTIVE VALUE             1588.0000

 RESOURCE USAGE, LIMIT          0.016 10000000000.000
 ITERATION COUNT, LIMIT         0    2147483647
--- *** This solver runs with a demo license. No commercial use.
--- GMO setup time: 0.00s
--- GMO memory 0.50 Mb (peak 0.50 Mb)
--- Dictionary memory 0.00 Mb
--- Cplex 22.1.0.0 link memory 0.00 Mb (peak 0.00 Mb)
--- Starting Cplex


--- MIP status (101): integer optimal solution.
--- Cplex Time: 0.00sec (det. 0.01 ticks)

--- Fixing integer variables and solving final LP...


--- Fixed MIP status (1): optimal.
--- Cplex Time: 0.00sec (det. 0.01 ticks)


Proven optimal solution
MIP Solution:         1588.000000    (0 iterations, 0 nodes)
Final Solve:          1588.000000    (0 iterations)

Best possible:        1588.000000
Absolute gap:            0.000000
Relative gap:            0.000000


                           LOWER          LEVEL          UPPER         MARGINAL

---- EQU cost                .              .              .             1.0000      

---- EQU eqn1  

                     LOWER          LEVEL          UPPER         MARGINAL

raw-materialA        12.0000        12.0000        12.0000        81.0000      
raw-materialB         8.0000         8.0000         8.0000        77.0000      

---- EQU eqn12  

                     LOWER          LEVEL          UPPER         MARGINAL

productA.day1        -INF             .              .              .          
productA.day2        -INF             .              .              .          
productB.day1        -INF             .              .              .          
productB.day2        -INF             .              .              .          

                           LOWER          LEVEL          UPPER         MARGINAL

---- VAR z                 -INF         1588.0000        +INF             .          

---- VAR xij  quantity shipped from plant i to market j

                              LOWER          LEVEL          UPPER         MARGINAL

NAmerica.raw-materialA          .            12.0000        +INF             .          
NAmerica.raw-materialB          .              .            +INF           15.0000      
SAmerica.raw-materialA          .              .            +INF           36.0000      
SAmerica.raw-materialB          .             8.0000        +INF             .          

---- VAR u_pt  

                     LOWER          LEVEL          UPPER         MARGINAL

productA.day1          .              .            +INF            EPS         
productA.day2          .              .            +INF            EPS         
productB.day1          .              .            +INF            EPS         
productB.day2          .              .            +INF            EPS         

---- VAR y1  

                     LOWER          LEVEL          UPPER         MARGINAL

productA.day1          .              .            +INF            EPS         
productA.day2          .              .            +INF            EPS         
productB.day1          .              .            +INF            EPS         
productB.day2          .              .            +INF            EPS         

---- VAR y11  

                                                    LOWER          LEVEL          UPPER         MARGINAL

wholesalerA.wholesalerVehicleA.productA.day1          .              .            +INF            EPS         
wholesalerA.wholesalerVehicleA.productA.day2          .              .            +INF            EPS         
wholesalerA.wholesalerVehicleA.productB.day1          .              .            +INF            EPS         
wholesalerA.wholesalerVehicleA.productB.day2          .              .            +INF            EPS         
wholesalerA.wholesalerVehicleB.productA.day1          .              .            +INF            EPS         
wholesalerA.wholesalerVehicleB.productA.day2          .              .            +INF            EPS         
wholesalerA.wholesalerVehicleB.productB.day1          .              .            +INF            EPS         
wholesalerA.wholesalerVehicleB.productB.day2          .              .            +INF            EPS         
wholesalerB.wholesalerVehicleA.productA.day1          .              .            +INF            EPS         
wholesalerB.wholesalerVehicleA.productA.day2          .              .            +INF            EPS         
wholesalerB.wholesalerVehicleA.productB.day1          .              .            +INF            EPS         
wholesalerB.wholesalerVehicleA.productB.day2          .              .            +INF            EPS         
wholesalerB.wholesalerVehicleB.productA.day1          .              .            +INF            EPS         
wholesalerB.wholesalerVehicleB.productA.day2          .              .            +INF            EPS         
wholesalerB.wholesalerVehicleB.productB.day1          .              .            +INF            EPS         
wholesalerB.wholesalerVehicleB.productB.day2          .              .            +INF            EPS         

---- VAR yi  plant i on or off

                LOWER          LEVEL          UPPER         MARGINAL

NAmerica          .              .             1.0000      6000.0000      
SAmerica          .              .             1.0000      4500.0000      


**** REPORT SUMMARY :        0     NONOPT
                             0 INFEASIBLE
                             0  UNBOUNDED


EXECUTION TIME       =        0.078 SECONDS      4 MB  39.2.0 e0c5072f WEX-WEI


USER: GAMS Demo license for TAWFIQ HAFIZI            G220605|0002CO-GEN
      Military Institute, Bangladesh                           DL068940


**** FILE SUMMARY

Input      C:\Users\tawfiq\Desktop\gams\others\remove-test.gms
Output     C:\Users\tawfiq\Desktop\gams\others\remove-test.lst
