GAMS 39.2.0  e0c5072f Jun 2, 2022           WEX-WEI x86 64bit/MS Windows - 08/21/22 23:56:24 Page 1
G e n e r a l   A l g e b r a i c   M o d e l i n g   S y s t e m
C o m p i l a t i o n


   1  Sets
   2         n plant i
   3         / NAmerica, SAmerica, Europe, Asia, Africa /
   4         m market j
   5         / NAmerica, SAmerica, Europe, Asia, Africa /
   6   
   7  ;
   8   
   9  Parameters
  10         Dj(m) demand from market j
  11         / NAmerica 12, SAmerica 8, Europe 14, Asia 16, Africa 7 /
  12         Ki(n) capacity of plant i
  13         / NAmerica 10, SAmerica 10, Europe 10, Asia 10, Africa 10 /
  14         fi(n) fixed cost of plant i
  15         / NAmerica 6000, SAmerica 4500, Europe 6500, Asia 4100, Africa 4000 /
  16   
  17  ;
  18   
  19   
  20  table cij(n,m) wholesaler vehicle
  21                      NAmerica   SAmerica   Europe  Asia    Africa
  22          NAmerica       81         92       101    130      115
  23          SAmerica      117         77       108     98      100
  24          Europe        102        105        95    119      111
  25          Asia          115        125        90     59       74
  26          Africa        142        100       103    105       71
  27  ;
  28   
  29   
  30  free variables
  31       z;
  32   
  33  Positive Variables
  34   
  35       xij(n,m);
  36   
  37  binary variables
  38       yi(n);
  39   
  40  Equations
  41       cost
  42       eqn1(m)
  43       eqn2(n)
  44       eqn3(n,m);
  45   
  46   
  47  cost..    z  =e= sum(n,fi(n)*yi(n)) + sum(n,sum(m,cij(n,m)*xij(n,m)));
  48  eqn1(m).. sum(n,xij(n,m)) =e= Dj(m);
  49  eqn2(n).. sum(m,xij(n,m)) =l= Ki(n)*yi(n);
  50  eqn3(n,m).. xij(n,m) =g= 0;
  51   
  52   
  53  Model supplychainmodel /all/ ;
  54   
  55  Solve supplychainmodel using MIP minimizing z ;


COMPILATION TIME     =        0.016 SECONDS      3 MB  39.2.0 e0c5072f WEX-WEI
GAMS 39.2.0  e0c5072f Jun 2, 2022           WEX-WEI x86 64bit/MS Windows - 08/21/22 23:56:24 Page 2
G e n e r a l   A l g e b r a i c   M o d e l i n g   S y s t e m
Equation Listing    SOLVE supplychainmodel Using MIP From line 55


---- cost  =E=  

cost..  z - 81*xij(NAmerica,NAmerica) - 92*xij(NAmerica,SAmerica) - 101*xij(NAmerica,Europe) - 130*xij(NAmerica,Asia) - 115*xij(NAmerica,Africa) - 117*xij(SAmerica,NAmerica) - 77*xij(SAmerica,SAmerica) - 108*xij(SAmerica,Europe) - 98*xij(SAmerica,Asia) - 100*xij(SAmerica,Africa) - 102*xij(Europe,NAmerica) - 105*xij(Europe,SAmerica) - 95*xij(Europe,Europe) - 119*xij(Europe,Asia) - 111*xij(Europe,Africa) - 115*xij(Asia,NAmerica) - 125*xij(Asia,SAmerica) - 90*xij(Asia,Europe) - 59*xij(Asia,Asia) - 74*xij(Asia,Africa) - 142*xij(Africa,NAmerica) - 100*xij(Africa,SAmerica) - 103*xij(Africa,Europe) - 105*xij(Africa,Asia) - 71*xij(Africa,Africa) - 6000*yi(NAmerica) - 4500*yi(SAmerica) - 6500*yi(Europe) - 4100*yi(Asia) - 4000*yi(Africa) =E= 0 ; (LHS = 0)
     

---- eqn1  =E=  

eqn1(NAmerica)..  xij(NAmerica,NAmerica) + xij(SAmerica,NAmerica) + xij(Europe,NAmerica) + xij(Asia,NAmerica) + xij(Africa,NAmerica) =E= 12 ; (LHS = 0, INFES = 12 ****)
     
eqn1(SAmerica)..  xij(NAmerica,SAmerica) + xij(SAmerica,SAmerica) + xij(Europe,SAmerica) + xij(Asia,SAmerica) + xij(Africa,SAmerica) =E= 8 ; (LHS = 0, INFES = 8 ****)
     
eqn1(Europe)..  xij(NAmerica,Europe) + xij(SAmerica,Europe) + xij(Europe,Europe) + xij(Asia,Europe) + xij(Africa,Europe) =E= 14 ; (LHS = 0, INFES = 14 ****)
     
REMAINING 2 ENTRIES SKIPPED


---- eqn2  =L=  

eqn2(NAmerica)..  xij(NAmerica,NAmerica) + xij(NAmerica,SAmerica) + xij(NAmerica,Europe) + xij(NAmerica,Asia) + xij(NAmerica,Africa) - 10*yi(NAmerica) =L= 0 ; (LHS = 0)
     
eqn2(SAmerica)..  xij(SAmerica,NAmerica) + xij(SAmerica,SAmerica) + xij(SAmerica,Europe) + xij(SAmerica,Asia) + xij(SAmerica,Africa) - 10*yi(SAmerica) =L= 0 ; (LHS = 0)
     
eqn2(Europe)..  xij(Europe,NAmerica) + xij(Europe,SAmerica) + xij(Europe,Europe) + xij(Europe,Asia) + xij(Europe,Africa) - 10*yi(Europe) =L= 0 ; (LHS = 0)
     
REMAINING 2 ENTRIES SKIPPED


---- eqn3  =G=  

eqn3(NAmerica,NAmerica)..  xij(NAmerica,NAmerica) =G= 0 ; (LHS = 0)
     
eqn3(NAmerica,SAmerica)..  xij(NAmerica,SAmerica) =G= 0 ; (LHS = 0)
     
eqn3(NAmerica,Europe)..  xij(NAmerica,Europe) =G= 0 ; (LHS = 0)
     
REMAINING 22 ENTRIES SKIPPED

GAMS 39.2.0  e0c5072f Jun 2, 2022           WEX-WEI x86 64bit/MS Windows - 08/21/22 23:56:24 Page 3
G e n e r a l   A l g e b r a i c   M o d e l i n g   S y s t e m
Column Listing      SOLVE supplychainmodel Using MIP From line 55


---- z  

z
                (.LO, .L, .UP, .M = -INF, 0, +INF, 0)
        1       cost


---- xij  

xij(NAmerica,NAmerica)
                (.LO, .L, .UP, .M = 0, 0, +INF, 0)
      -81       cost
        1       eqn1(NAmerica)
        1       eqn2(NAmerica)
        1       eqn3(NAmerica,NAmerica)

xij(NAmerica,SAmerica)
                (.LO, .L, .UP, .M = 0, 0, +INF, 0)
      -92       cost
        1       eqn1(SAmerica)
        1       eqn2(NAmerica)
        1       eqn3(NAmerica,SAmerica)

xij(NAmerica,Europe)
                (.LO, .L, .UP, .M = 0, 0, +INF, 0)
     -101       cost
        1       eqn1(Europe)
        1       eqn2(NAmerica)
        1       eqn3(NAmerica,Europe)

REMAINING 22 ENTRIES SKIPPED

---- yi  

yi(NAmerica)
                (.LO, .L, .UP, .M = 0, 0, 1, 0)
    -6000       cost
      -10       eqn2(NAmerica)

yi(SAmerica)
                (.LO, .L, .UP, .M = 0, 0, 1, 0)
    -4500       cost
      -10       eqn2(SAmerica)

yi(Europe)
                (.LO, .L, .UP, .M = 0, 0, 1, 0)
    -6500       cost
      -10       eqn2(Europe)

REMAINING 2 ENTRIES SKIPPED
GAMS 39.2.0  e0c5072f Jun 2, 2022           WEX-WEI x86 64bit/MS Windows - 08/21/22 23:56:24 Page 4
G e n e r a l   A l g e b r a i c   M o d e l i n g   S y s t e m
Range Statistics    SOLVE supplychainmodel Using MIP From line 55


RANGE STATISTICS (ABSOLUTE NON-ZERO FINITE VALUES)

RHS       [min, max] : [ 7.000E+00, 1.600E+01] - Zero values observed as well
Bound     [min, max] : [ 1.000E+00, 1.000E+00] - Zero values observed as well
Matrix    [min, max] : [ 1.000E+00, 6.500E+03]

GAMS 39.2.0  e0c5072f Jun 2, 2022           WEX-WEI x86 64bit/MS Windows - 08/21/22 23:56:24 Page 5
G e n e r a l   A l g e b r a i c   M o d e l i n g   S y s t e m
Model Statistics    SOLVE supplychainmodel Using MIP From line 55


MODEL STATISTICS

BLOCKS OF EQUATIONS           4     SINGLE EQUATIONS           36
BLOCKS OF VARIABLES           3     SINGLE VARIABLES           31
NON ZERO ELEMENTS           111     DISCRETE VARIABLES          5


GENERATION TIME      =        0.000 SECONDS      4 MB  39.2.0 e0c5072f WEX-WEI
GAMS 39.2.0  e0c5072f Jun 2, 2022           WEX-WEI x86 64bit/MS Windows - 08/21/22 23:56:24 Page 6
G e n e r a l   A l g e b r a i c   M o d e l i n g   S y s t e m
Solution Report     SOLVE supplychainmodel Using MIP From line 55


               S O L V E      S U M M A R Y

     MODEL   supplychainmodel    OBJECTIVE  z
     TYPE    MIP                 DIRECTION  MINIMIZE
     SOLVER  CPLEX               FROM LINE  55

**** SOLVER STATUS     1 Normal Completion
**** MODEL STATUS      10 Integer Infeasible
**** OBJECTIVE VALUE               NA

 RESOURCE USAGE, LIMIT          0.016 10000000000.000
 ITERATION COUNT, LIMIT         0    2147483647
--- *** This solver runs with a demo license. No commercial use.
--- GMO setup time: 0.00s
--- GMO memory 0.50 Mb (peak 0.50 Mb)
--- Dictionary memory 0.00 Mb
--- Cplex 22.1.0.0 link memory 0.00 Mb (peak 0.00 Mb)
--- Starting Cplex


--- MIP status (103): integer infeasible.
--- Cplex Time: 0.02sec (det. 0.16 ticks)

--- Problem is integer infeasible

No solution returned


EXECUTION TIME       =        0.047 SECONDS      4 MB  39.2.0 e0c5072f WEX-WEI


USER: GAMS Demo license for TAWFIQ HAFIZI            G220605|0002CO-GEN
      Military Institute, Bangladesh                           DL068940


**** FILE SUMMARY

Input      C:\Users\tawfiq\Desktop\THESIS\gams\others\test-sample.gms
Output     C:\Users\tawfiq\Desktop\THESIS\gams\others\test-sample.lst
